
jarvi@DESKTOP-N0H360L MINGW64 ~
$ git config --global user.name "SurajL"

jarvi@DESKTOP-N0H360L MINGW64 ~
$ git config --global user.name
SurajL

jarvi@DESKTOP-N0H360L MINGW64 ~
$ git config --global user.email "salandage@gmail.com"

jarvi@DESKTOP-N0H360L MINGW64 ~
$ git config --global user.password "sal098"

jarvi@DESKTOP-N0H360L MINGW64 ~
$ git config --list --show-origin
file:D:/Program_Files/Git/etc/gitconfig diff.astextplain.textconv=astextplain
file:D:/Program_Files/Git/etc/gitconfig filter.lfs.clean=git-lfs clean -- %f
file:D:/Program_Files/Git/etc/gitconfig filter.lfs.smudge=git-lfs smudge -- %f
file:D:/Program_Files/Git/etc/gitconfig filter.lfs.process=git-lfs filter-process
file:D:/Program_Files/Git/etc/gitconfig filter.lfs.required=true
file:D:/Program_Files/Git/etc/gitconfig http.sslbackend=openssl
file:D:/Program_Files/Git/etc/gitconfig http.sslcainfo=D:/Program_Files/Git/mingw64/ssl/certs/ca-bundle.crt
file:D:/Program_Files/Git/etc/gitconfig core.autocrlf=true
file:D:/Program_Files/Git/etc/gitconfig core.fscache=true
file:D:/Program_Files/Git/etc/gitconfig core.symlinks=false
file:D:/Program_Files/Git/etc/gitconfig pull.rebase=false
file:D:/Program_Files/Git/etc/gitconfig credential.helper=manager-core
file:D:/Program_Files/Git/etc/gitconfig credential.https://dev.azure.com.usehttppath=true
file:D:/Program_Files/Git/etc/gitconfig init.defaultbranch=master
file:C:/Users/jarvi/.gitconfig  user.name=SurajL
file:C:/Users/jarvi/.gitconfig  user.email=salandage@gmail.com
file:C:/Users/jarvi/.gitconfig  user.password=sal098

jarvi@DESKTOP-N0H360L MINGW64 ~
$ cd d:

jarvi@DESKTOP-N0H360L MINGW64 /d
$ ls
'$RECYCLE.BIN'/  'System Volume Information'/  'abhay folder'/
 Program_Files/  'Training & Learning'/         impPaths.txt

jarvi@DESKTOP-N0H360L MINGW64 /d
$ cd Training\ \&\ Learning/

jarvi@DESKTOP-N0H360L MINGW64 /d/Training & Learning
$ ls
Completed/           SurajDB/    git_commands.pdf
ProgrammingClasses/  WorkShops/  my_code/

jarvi@DESKTOP-N0H360L MINGW64 /d/Training & Learning
$ cd ProgrammingClasses/

jarvi@DESKTOP-N0H360L MINGW64 /d/Training & Learning/ProgrammingClasses
$ git init
Initialized empty Git repository in D:/Training & Learning/ProgrammingClasses/.git/

jarvi@DESKTOP-N0H360L MINGW64 /d/Training & Learning/ProgrammingClasses
$ echo "# ProgrammingClasses"
# ProgrammingClasses

jarvi@DESKTOP-N0H360L MINGW64 /d/Training & Learning/ProgrammingClasses
$ git add README.md
fatal: detected dubious ownership in repository at 'D:/Training & Learning/ProgrammingClasses'
'D:/Training & Learning/ProgrammingClasses' is owned by:
        'S-1-5-21-1499300903-198915355-1316549527-1001'
but the current user is:
        'S-1-5-21-424755494-4265733667-3388417985-1001'
To add an exception for this directory, call:

        git config --global --add safe.directory 'D:/Training & Learning/ProgrammingClasses'

jarvi@DESKTOP-N0H360L MINGW64 /d/Training & Learning/ProgrammingClasses
$ ^C

jarvi@DESKTOP-N0H360L MINGW64 /d/Training & Learning/ProgrammingClasses
$ git config --global --add safe.directory 'D:/Training & Learning/ProgrammingClasses'

jarvi@DESKTOP-N0H360L MINGW64 /d/Training & Learning/ProgrammingClasses (master)
$ git add README.md
fatal: pathspec 'README.md' did not match any files

jarvi@DESKTOP-N0H360L MINGW64 /d/Training & Learning/ProgrammingClasses (master)
$ git log
fatal: your current branch 'master' does not have any commits yet

jarvi@DESKTOP-N0H360L MINGW64 /d/Training & Learning/ProgrammingClasses (master)
$ git fetch

jarvi@DESKTOP-N0H360L MINGW64 /d/Training & Learning/ProgrammingClasses (master)
$ git log
fatal: your current branch 'master' does not have any commits yet

jarvi@DESKTOP-N0H360L MINGW64 /d/Training & Learning/ProgrammingClasses (master)
$ git status
On branch master

No commits yet

Untracked files:
  (use "git add <file>..." to include in what will be committed)
        C/

nothing added to commit but untracked files present (use "git add" to track)

jarvi@DESKTOP-N0H360L MINGW64 /d/Training & Learning/ProgrammingClasses (master)
$ git status
On branch master

No commits yet

Untracked files:
  (use "git add <file>..." to include in what will be committed)
        C/

nothing added to commit but untracked files present (use "git add" to track)

jarvi@DESKTOP-N0H360L MINGW64 /d/Training & Learning/ProgrammingClasses (master)
$ git status
On branch master

No commits yet

nothing to commit (create/copy files and use "git add" to track)

jarvi@DESKTOP-N0H360L MINGW64 /d/Training & Learning/ProgrammingClasses (master)
$ git status
On branch master

No commits yet

Untracked files:
  (use "git add <file>..." to include in what will be committed)
        C/

nothing added to commit but untracked files present (use "git add" to track)

jarvi@DESKTOP-N0H360L MINGW64 /d/Training & Learning/ProgrammingClasses (master)
$ ls
C/  C++/  Java/  JavaScript/  Python/

jarvi@DESKTOP-N0H360L MINGW64 /d/Training & Learning/ProgrammingClasses (master)
$ git ls-files

jarvi@DESKTOP-N0H360L MINGW64 /d/Training & Learning/ProgrammingClasses (master)
$ git add -m all
error: unknown switch `m'
usage: git add [<options>] [--] <pathspec>...

    -n, --dry-run         dry run
    -v, --verbose         be verbose

    -i, --interactive     interactive picking
    -p, --patch           select hunks interactively
    -e, --edit            edit current diff and apply
    -f, --force           allow adding otherwise ignored files
    -u, --update          update tracked files
    --renormalize         renormalize EOL of tracked files (implies -u)
    -N, --intent-to-add   record only the fact that the path will be added later
    -A, --all             add changes from all tracked and untracked files
    --ignore-removal      ignore paths removed in the working tree (same as --no-all)
    --refresh             don't add, only refresh the index
    --ignore-errors       just skip files which cannot be added because of errors
    --ignore-missing      check if - even missing - files are ignored in dry run
    --sparse              allow updating entries outside of the sparse-checkout cone
    --chmod (+|-)x        override the executable bit of the listed files
    --pathspec-from-file <file>
                          read pathspec from file
    --pathspec-file-nul   with --pathspec-from-file, pathspec elements are separated with NUL character


jarvi@DESKTOP-N0H360L MINGW64 /d/Training & Learning/ProgrammingClasses (master)
$ git add .
warning: in the working copy of 'C/Chapter 2 - Operators and data inputoutput functions/2K220930/.vscode/c_cpp_properties.json', LF will be replaced by CRLF the next time Git touches it
warning: in the working copy of 'C/Chapter 2 - Operators and data inputoutput functions/2K220930/.vscode/launch.json', LF will be replaced by CRLF the next time Git touches it
warning: in the working copy of 'C/Chapter 2 - Operators and data inputoutput functions/2K220930/.vscode/tasks.json', LF will be replaced by CRLF the next time Git touches it
warning: in the working copy of 'C/Chapter 3 - Control Statement/2K221001/.vscode/c_cpp_properties.json', LF will be replaced by CRLF the next time Git touches it
warning: in the working copy of 'C/Chapter 3 - Control Statement/2K221001/.vscode/tasks.json', LF will be replaced by CRLF the next time Git touches it
warning: in the working copy of 'C/Chapter 3 - Control Statement/2K221003/.vscode/c_cpp_properties.json', LF will be replaced by CRLF the next time Git touches it
warning: in the working copy of 'C/Chapter 3 - Control Statement/2K221003/.vscode/tasks.json', LF will be replaced by CRLF the next time Git touches it

jarvi@DESKTOP-N0H360L MINGW64 /d/Training & Learning/ProgrammingClasses (master)
$ git status
On branch master

No commits yet

Changes to be committed:
  (use "git rm --cached <file>..." to unstage)
        new file:   C/C programming syllabus.docx
        new file:   C/Chapter 1 - C fundamentals/2K220926/a.exe
        new file:   C/Chapter 1 - C fundamentals/2K220926/hellomom.c
        new file:   C/Chapter 1 - C fundamentals/2K220926/hellomom.exe
        new file:   C/Chapter 1 - C fundamentals/2K220926/helloworld.c
        new file:   C/Chapter 1 - C fundamentals/2K220926/helloworld.exe
        new file:   C/Chapter 1 - C fundamentals/2K220926/mathops.c
        new file:   C/Chapter 1 - C fundamentals/2K220926/mathops.exe
        new file:   C/Chapter 1 - C fundamentals/2K220926/mathops.o
        new file:   C/Chapter 2 - Operators and data inputoutput functions/2K220929/assignops.c
        new file:   C/Chapter 2 - Operators and data inputoutput functions/2K220929/assignops.exe
        new file:   C/Chapter 2 - Operators and data inputoutput functions/2K220929/assignops.o
        new file:   C/Chapter 2 - Operators and data inputoutput functions/2K220929/condops.c
        new file:   C/Chapter 2 - Operators and data inputoutput functions/2K220929/condops.exe
        new file:   C/Chapter 2 - Operators and data inputoutput functions/2K220929/condops.o
        new file:   C/Chapter 2 - Operators and data inputoutput functions/2K220930/.vscode/c_cpp_properties.json
        new file:   C/Chapter 2 - Operators and data inputoutput functions/2K220930/.vscode/launch.json
        new file:   C/Chapter 2 - Operators and data inputoutput functions/2K220930/.vscode/settings.json
        new file:   C/Chapter 2 - Operators and data inputoutput functions/2K220930/.vscode/tasks.json
        new file:   C/Chapter 2 - Operators and data inputoutput functions/2K220930/bitwise_leftNright.c
        new file:   C/Chapter 2 - Operators and data inputoutput functions/2K220930/bitwise_leftNright.exe
        new file:   C/Chapter 2 - Operators and data inputoutput functions/2K220930/bitwise_leftNright.o
        new file:   C/Chapter 2 - Operators and data inputoutput functions/2K220930/datatypes.c
        new file:   C/Chapter 2 - Operators and data inputoutput functions/2K220930/datatypes.c.save-failed
        new file:   C/Chapter 2 - Operators and data inputoutput functions/2K220930/datatypes.exe
        new file:   C/Chapter 2 - Operators and data inputoutput functions/2K220930/datatypes.o
        new file:   C/Chapter 2 - Operators and data inputoutput functions/2K220930/incdec.c
        new file:   C/Chapter 2 - Operators and data inputoutput functions/2K220930/incdec.exe
        new file:   C/Chapter 2 - Operators and data inputoutput functions/2K220930/incdec.o
        new file:   C/Chapter 2 - Operators and data inputoutput functions/2K220930/specialops.c
        new file:   C/Chapter 2 - Operators and data inputoutput functions/2K220930/specialops.exe
        new file:   C/Chapter 2 - Operators and data inputoutput functions/2K220930/specialops.o
        new file:   C/Chapter 3 - Control Statement/2K221001/.vscode/c_cpp_properties.json
        new file:   C/Chapter 3 - Control Statement/2K221001/.vscode/settings.json
        new file:   C/Chapter 3 - Control Statement/2K221001/.vscode/tasks.json
        new file:   C/Chapter 3 - Control Statement/2K221001/a.exe
        new file:   C/Chapter 3 - Control Statement/2K221001/controlstructure_if.c
        new file:   C/Chapter 3 - Control Statement/2K221001/controlstructure_if.exe
        new file:   C/Chapter 3 - Control Statement/2K221001/controlstructure_if.o
        new file:   C/Chapter 3 - Control Statement/2K221001/controlstructure_if_else.c
        new file:   C/Chapter 3 - Control Statement/2K221001/controlstructure_if_else.exe
        new file:   C/Chapter 3 - Control Statement/2K221001/controlstructure_if_else.o
        new file:   C/Chapter 3 - Control Statement/2K221001/controlstructure_if_else_evenOdd.c
        new file:   C/Chapter 3 - Control Statement/2K221001/controlstructure_if_else_evenOdd.exe
        new file:   C/Chapter 3 - Control Statement/2K221001/controlstructure_if_else_evenOdd.o
        new file:   C/Chapter 3 - Control Statement/2K221001/controlstructure_if_else_ladder.c
        new file:   C/Chapter 3 - Control Statement/2K221001/controlstructure_if_else_ladder.exe
        new file:   C/Chapter 3 - Control Statement/2K221001/controlstructure_if_else_ladder.o
        new file:   C/Chapter 3 - Control Statement/2K221001/controlstructure_if_else_leapYear.c
        new file:   C/Chapter 3 - Control Statement/2K221001/controlstructure_if_else_leapYear.exe
        new file:   C/Chapter 3 - Control Statement/2K221001/controlstructure_if_else_leapYear.o
        new file:   C/Chapter 3 - Control Statement/2K221001/controlstructure_if_else_nested.c
        new file:   C/Chapter 3 - Control Statement/2K221001/controlstructure_if_else_nested.exe
        new file:   C/Chapter 3 - Control Statement/2K221001/controlstructure_if_else_nested.o
        new file:   C/Chapter 3 - Control Statement/2K221001/controlstructure_if_else_posOrneg.c
        new file:   C/Chapter 3 - Control Statement/2K221001/controlstructure_if_else_posOrneg.exe
        new file:   C/Chapter 3 - Control Statement/2K221001/controlstructure_if_else_posOrneg.o
        new file:   C/Chapter 3 - Control Statement/2K221001/controlstructure_if_else_profitORloss.c
        new file:   C/Chapter 3 - Control Statement/2K221001/controlstructure_if_else_profitORloss.exe
        new file:   C/Chapter 3 - Control Statement/2K221001/controlstructure_if_else_profitORloss.o
        new file:   C/Chapter 3 - Control Statement/2K221001/controlstructure_if_else_studMarksheet.c
        new file:   C/Chapter 3 - Control Statement/2K221001/controlstructure_if_else_studMarksheet.exe
        new file:   C/Chapter 3 - Control Statement/2K221001/controlstructure_if_else_studMarksheet.o
        new file:   C/Chapter 3 - Control Statement/2K221003/.vscode/c_cpp_properties.json
        new file:   C/Chapter 3 - Control Statement/2K221003/.vscode/tasks.json
        new file:   C/Chapter 3 - Control Statement/2K221003/new_test.c
        new file:   C/Chapter 3 - Control Statement/2K221003/new_test.exe
        new file:   C/Chapter 3 - Control Statement/2K221003/new_test.o
        new file:   C/Chapter 3 - Control Statement/2K221003/new_test_vsc.c
        new file:   C/Chapter 3 - Control Statement/2K221003/new_test_vsc.exe
        new file:   C/Chapter 3 - Control Statement/2K221004/loops_armstrong_num.c
        new file:   C/Chapter 3 - Control Statement/2K221004/loops_armstrong_num.exe
        new file:   C/Chapter 3 - Control Statement/2K221004/loops_armstrong_num.o
        new file:   C/Chapter 3 - Control Statement/2K221004/loops_palindrome.c
        new file:   C/Chapter 3 - Control Statement/2K221004/loops_palindrome.exe
        new file:   C/Chapter 3 - Control Statement/2K221004/loops_palindrome.o
        new file:   C/Chapter 3 - Control Statement/2K221004/loops_reverse_num.c
        new file:   C/Chapter 3 - Control Statement/2K221004/loops_reverse_num.exe
        new file:   C/Chapter 3 - Control Statement/2K221004/loops_reverse_num.o
        new file:   C/Chapter 3 - Control Statement/2K221005/loops_factorial_number.c
        new file:   C/Chapter 3 - Control Statement/2K221005/loops_factorial_number.exe
        new file:   C/Chapter 3 - Control Statement/2K221005/loops_factorial_number.o
        new file:   C/Chapter 3 - Control Statement/2K221005/loops_prime_num.c
        new file:   C/Chapter 3 - Control Statement/2K221005/loops_prime_num.exe
        new file:   C/Chapter 3 - Control Statement/2K221005/loops_prime_num.o
        new file:   C/Chapter 3 - Control Statement/2K221006/loops_fibonacci_series.c
        new file:   C/Chapter 3 - Control Statement/2K221006/loops_fibonacci_series.exe
        new file:   C/Chapter 3 - Control Statement/2K221006/loops_fibonacci_series.o
        new file:   C/Chapter 3 - Control Statement/2K221008/patteren_star_ascending.c
        new file:   C/Chapter 3 - Control Statement/2K221008/patteren_star_ascending.exe
        new file:   C/Chapter 3 - Control Statement/2K221008/patteren_star_ascending.o
        new file:   C/Chapter 3 - Control Statement/2K221008/patteren_star_descending.c
        new file:   C/Chapter 3 - Control Statement/2K221008/patteren_star_descending.exe
        new file:   C/Chapter 3 - Control Statement/2K221008/patteren_star_descending.o
        new file:   C/Chapter 3 - Control Statement/2K221008/patteren_star_pyramid_ascending.c
        new file:   C/Chapter 3 - Control Statement/2K221008/patteren_star_pyramid_ascending.exe
        new file:   C/Chapter 3 - Control Statement/2K221008/patteren_star_pyramid_ascending.o
        new file:   C/Chapter 3 - Control Statement/2K221008/patteren_star_pyramid_descending.c
        new file:   C/Chapter 3 - Control Statement/2K221008/patteren_star_pyramid_descending.exe
        new file:   C/Chapter 3 - Control Statement/2K221008/patteren_star_pyramid_descending.o
        new file:   C/Chapter 4 - Functions/2K221010/patteren_alphabet1_ascending.c
        new file:   C/Chapter 4 - Functions/2K221010/patteren_alphabet1_ascending.exe
        new file:   C/Chapter 4 - Functions/2K221010/patteren_alphabet1_ascending.o
        new file:   C/Chapter 4 - Functions/2K221010/patteren_alphabet2_ascending.c
        new file:   C/Chapter 4 - Functions/2K221010/patteren_alphabet2_ascending.exe
        new file:   C/Chapter 4 - Functions/2K221010/patteren_alphabet2_ascending.o
        new file:   C/Chapter 4 - Functions/2K221010/patteren_number1_ascending.c
        new file:   C/Chapter 4 - Functions/2K221010/patteren_number1_ascending.exe
        new file:   C/Chapter 4 - Functions/2K221010/patteren_number1_ascending.o
        new file:   C/Chapter 4 - Functions/2K221010/patteren_number2_ascending.c
        new file:   C/Chapter 4 - Functions/2K221010/patteren_number2_ascending.exe
        new file:   C/Chapter 4 - Functions/2K221010/patteren_number2_ascending.o
        new file:   C/Chapter 5 - Array/2K221010/array_creation.c
        new file:   C/Chapter 5 - Array/2K221010/array_creation.exe
        new file:   C/Chapter 5 - Array/2K221010/array_creation.o
        new file:   C/Chapter 5 - Array/2K221010/array_ops_max.c
        new file:   C/Chapter 5 - Array/2K221010/array_ops_max.exe
        new file:   C/Chapter 5 - Array/2K221010/array_ops_max.o


jarvi@DESKTOP-N0H360L MINGW64 /d/Training & Learning/ProgrammingClasses (master)
$ git commit -m "D16_2K221011"
[master (root-commit) 2b5db9c] D16_2K221011
 118 files changed, 1496 insertions(+)
 create mode 100644 C/C programming syllabus.docx
 create mode 100644 C/Chapter 1 - C fundamentals/2K220926/a.exe
 create mode 100644 C/Chapter 1 - C fundamentals/2K220926/hellomom.c
 create mode 100644 C/Chapter 1 - C fundamentals/2K220926/hellomom.exe
 create mode 100644 C/Chapter 1 - C fundamentals/2K220926/helloworld.c
 create mode 100644 C/Chapter 1 - C fundamentals/2K220926/helloworld.exe
 create mode 100644 C/Chapter 1 - C fundamentals/2K220926/mathops.c
 create mode 100644 C/Chapter 1 - C fundamentals/2K220926/mathops.exe
 create mode 100644 C/Chapter 1 - C fundamentals/2K220926/mathops.o
 create mode 100644 C/Chapter 2 - Operators and data inputoutput functions/2K220929/assignops.c
 create mode 100644 C/Chapter 2 - Operators and data inputoutput functions/2K220929/assignops.exe
 create mode 100644 C/Chapter 2 - Operators and data inputoutput functions/2K220929/assignops.o
 create mode 100644 C/Chapter 2 - Operators and data inputoutput functions/2K220929/condops.c
 create mode 100644 C/Chapter 2 - Operators and data inputoutput functions/2K220929/condops.exe
 create mode 100644 C/Chapter 2 - Operators and data inputoutput functions/2K220929/condops.o
 create mode 100644 C/Chapter 2 - Operators and data inputoutput functions/2K220930/.vscode/c_cpp_properties.json
 create mode 100644 C/Chapter 2 - Operators and data inputoutput functions/2K220930/.vscode/launch.json
 create mode 100644 C/Chapter 2 - Operators and data inputoutput functions/2K220930/.vscode/settings.json
 create mode 100644 C/Chapter 2 - Operators and data inputoutput functions/2K220930/.vscode/tasks.json
 create mode 100644 C/Chapter 2 - Operators and data inputoutput functions/2K220930/bitwise_leftNright.c
 create mode 100644 C/Chapter 2 - Operators and data inputoutput functions/2K220930/bitwise_leftNright.exe
 create mode 100644 C/Chapter 2 - Operators and data inputoutput functions/2K220930/bitwise_leftNright.o
 create mode 100644 C/Chapter 2 - Operators and data inputoutput functions/2K220930/datatypes.c
 create mode 100644 C/Chapter 2 - Operators and data inputoutput functions/2K220930/datatypes.c.save-failed
 create mode 100644 C/Chapter 2 - Operators and data inputoutput functions/2K220930/datatypes.exe
 create mode 100644 C/Chapter 2 - Operators and data inputoutput functions/2K220930/datatypes.o
 create mode 100644 C/Chapter 2 - Operators and data inputoutput functions/2K220930/incdec.c
 create mode 100644 C/Chapter 2 - Operators and data inputoutput functions/2K220930/incdec.exe
 create mode 100644 C/Chapter 2 - Operators and data inputoutput functions/2K220930/incdec.o
 create mode 100644 C/Chapter 2 - Operators and data inputoutput functions/2K220930/specialops.c
 create mode 100644 C/Chapter 2 - Operators and data inputoutput functions/2K220930/specialops.exe
 create mode 100644 C/Chapter 2 - Operators and data inputoutput functions/2K220930/specialops.o
 create mode 100644 C/Chapter 3 - Control Statement/2K221001/.vscode/c_cpp_properties.json
 create mode 100644 C/Chapter 3 - Control Statement/2K221001/.vscode/settings.json
 create mode 100644 C/Chapter 3 - Control Statement/2K221001/.vscode/tasks.json
 create mode 100644 C/Chapter 3 - Control Statement/2K221001/a.exe
 create mode 100644 C/Chapter 3 - Control Statement/2K221001/controlstructure_if.c
 create mode 100644 C/Chapter 3 - Control Statement/2K221001/controlstructure_if.exe
 create mode 100644 C/Chapter 3 - Control Statement/2K221001/controlstructure_if.o
 create mode 100644 C/Chapter 3 - Control Statement/2K221001/controlstructure_if_else.c
 create mode 100644 C/Chapter 3 - Control Statement/2K221001/controlstructure_if_else.exe
 create mode 100644 C/Chapter 3 - Control Statement/2K221001/controlstructure_if_else.o
 create mode 100644 C/Chapter 3 - Control Statement/2K221001/controlstructure_if_else_evenOdd.c
 create mode 100644 C/Chapter 3 - Control Statement/2K221001/controlstructure_if_else_evenOdd.exe
 create mode 100644 C/Chapter 3 - Control Statement/2K221001/controlstructure_if_else_evenOdd.o
 create mode 100644 C/Chapter 3 - Control Statement/2K221001/controlstructure_if_else_ladder.c
 create mode 100644 C/Chapter 3 - Control Statement/2K221001/controlstructure_if_else_ladder.exe
 create mode 100644 C/Chapter 3 - Control Statement/2K221001/controlstructure_if_else_ladder.o
 create mode 100644 C/Chapter 3 - Control Statement/2K221001/controlstructure_if_else_leapYear.c
 create mode 100644 C/Chapter 3 - Control Statement/2K221001/controlstructure_if_else_leapYear.exe
 create mode 100644 C/Chapter 3 - Control Statement/2K221001/controlstructure_if_else_leapYear.o
 create mode 100644 C/Chapter 3 - Control Statement/2K221001/controlstructure_if_else_nested.c
 create mode 100644 C/Chapter 3 - Control Statement/2K221001/controlstructure_if_else_nested.exe
 create mode 100644 C/Chapter 3 - Control Statement/2K221001/controlstructure_if_else_nested.o
 create mode 100644 C/Chapter 3 - Control Statement/2K221001/controlstructure_if_else_posOrneg.c
 create mode 100644 C/Chapter 3 - Control Statement/2K221001/controlstructure_if_else_posOrneg.exe
 create mode 100644 C/Chapter 3 - Control Statement/2K221001/controlstructure_if_else_posOrneg.o
 create mode 100644 C/Chapter 3 - Control Statement/2K221001/controlstructure_if_else_profitORloss.c
 create mode 100644 C/Chapter 3 - Control Statement/2K221001/controlstructure_if_else_profitORloss.exe
 create mode 100644 C/Chapter 3 - Control Statement/2K221001/controlstructure_if_else_profitORloss.o
 create mode 100644 C/Chapter 3 - Control Statement/2K221001/controlstructure_if_else_studMarksheet.c
 create mode 100644 C/Chapter 3 - Control Statement/2K221001/controlstructure_if_else_studMarksheet.exe
 create mode 100644 C/Chapter 3 - Control Statement/2K221001/controlstructure_if_else_studMarksheet.o
 create mode 100644 C/Chapter 3 - Control Statement/2K221003/.vscode/c_cpp_properties.json
 create mode 100644 C/Chapter 3 - Control Statement/2K221003/.vscode/tasks.json
 create mode 100644 C/Chapter 3 - Control Statement/2K221003/new_test.c
 create mode 100644 C/Chapter 3 - Control Statement/2K221003/new_test.exe
 create mode 100644 C/Chapter 3 - Control Statement/2K221003/new_test.o
 create mode 100644 C/Chapter 3 - Control Statement/2K221003/new_test_vsc.c
 create mode 100644 C/Chapter 3 - Control Statement/2K221003/new_test_vsc.exe
 create mode 100644 C/Chapter 3 - Control Statement/2K221004/loops_armstrong_num.c
 create mode 100644 C/Chapter 3 - Control Statement/2K221004/loops_armstrong_num.exe
 create mode 100644 C/Chapter 3 - Control Statement/2K221004/loops_armstrong_num.o
 create mode 100644 C/Chapter 3 - Control Statement/2K221004/loops_palindrome.c
 create mode 100644 C/Chapter 3 - Control Statement/2K221004/loops_palindrome.exe
 create mode 100644 C/Chapter 3 - Control Statement/2K221004/loops_palindrome.o
 create mode 100644 C/Chapter 3 - Control Statement/2K221004/loops_reverse_num.c
 create mode 100644 C/Chapter 3 - Control Statement/2K221004/loops_reverse_num.exe
 create mode 100644 C/Chapter 3 - Control Statement/2K221004/loops_reverse_num.o
 create mode 100644 C/Chapter 3 - Control Statement/2K221005/loops_factorial_number.c
 create mode 100644 C/Chapter 3 - Control Statement/2K221005/loops_factorial_number.exe
 create mode 100644 C/Chapter 3 - Control Statement/2K221005/loops_factorial_number.o
 create mode 100644 C/Chapter 3 - Control Statement/2K221005/loops_prime_num.c
 create mode 100644 C/Chapter 3 - Control Statement/2K221005/loops_prime_num.exe
 create mode 100644 C/Chapter 3 - Control Statement/2K221005/loops_prime_num.o
 create mode 100644 C/Chapter 3 - Control Statement/2K221006/loops_fibonacci_series.c
 create mode 100644 C/Chapter 3 - Control Statement/2K221006/loops_fibonacci_series.exe
 create mode 100644 C/Chapter 3 - Control Statement/2K221006/loops_fibonacci_series.o
 create mode 100644 C/Chapter 3 - Control Statement/2K221008/patteren_star_ascending.c
 create mode 100644 C/Chapter 3 - Control Statement/2K221008/patteren_star_ascending.exe
 create mode 100644 C/Chapter 3 - Control Statement/2K221008/patteren_star_ascending.o
 create mode 100644 C/Chapter 3 - Control Statement/2K221008/patteren_star_descending.c
 create mode 100644 C/Chapter 3 - Control Statement/2K221008/patteren_star_descending.exe
 create mode 100644 C/Chapter 3 - Control Statement/2K221008/patteren_star_descending.o
 create mode 100644 C/Chapter 3 - Control Statement/2K221008/patteren_star_pyramid_ascending.c
 create mode 100644 C/Chapter 3 - Control Statement/2K221008/patteren_star_pyramid_ascending.exe
 create mode 100644 C/Chapter 3 - Control Statement/2K221008/patteren_star_pyramid_ascending.o
 create mode 100644 C/Chapter 3 - Control Statement/2K221008/patteren_star_pyramid_descending.c
 create mode 100644 C/Chapter 3 - Control Statement/2K221008/patteren_star_pyramid_descending.exe
 create mode 100644 C/Chapter 3 - Control Statement/2K221008/patteren_star_pyramid_descending.o
 create mode 100644 C/Chapter 4 - Functions/2K221010/patteren_alphabet1_ascending.c
 create mode 100644 C/Chapter 4 - Functions/2K221010/patteren_alphabet1_ascending.exe
 create mode 100644 C/Chapter 4 - Functions/2K221010/patteren_alphabet1_ascending.o
 create mode 100644 C/Chapter 4 - Functions/2K221010/patteren_alphabet2_ascending.c
 create mode 100644 C/Chapter 4 - Functions/2K221010/patteren_alphabet2_ascending.exe
 create mode 100644 C/Chapter 4 - Functions/2K221010/patteren_alphabet2_ascending.o
 create mode 100644 C/Chapter 4 - Functions/2K221010/patteren_number1_ascending.c
 create mode 100644 C/Chapter 4 - Functions/2K221010/patteren_number1_ascending.exe
 create mode 100644 C/Chapter 4 - Functions/2K221010/patteren_number1_ascending.o
 create mode 100644 C/Chapter 4 - Functions/2K221010/patteren_number2_ascending.c
 create mode 100644 C/Chapter 4 - Functions/2K221010/patteren_number2_ascending.exe
 create mode 100644 C/Chapter 4 - Functions/2K221010/patteren_number2_ascending.o
 create mode 100644 C/Chapter 5 - Array/2K221010/array_creation.c
 create mode 100644 C/Chapter 5 - Array/2K221010/array_creation.exe
 create mode 100644 C/Chapter 5 - Array/2K221010/array_creation.o
 create mode 100644 C/Chapter 5 - Array/2K221010/array_ops_max.c
 create mode 100644 C/Chapter 5 - Array/2K221010/array_ops_max.exe
 create mode 100644 C/Chapter 5 - Array/2K221010/array_ops_max.o

jarvi@DESKTOP-N0H360L MINGW64 /d/Training & Learning/ProgrammingClasses (master)
$ git status
On branch master
nothing to commit, working tree clean

jarvi@DESKTOP-N0H360L MINGW64 /d/Training & Learning/ProgrammingClasses (master)
$ git log
commit 2b5db9c1e5d46c673f7e45b43141d3e908475af0 (HEAD -> master)
Author: SurajL <salandage@gmail.com>
Date:   Tue Oct 11 22:43:58 2022 +0530

    D16_2K221011

jarvi@DESKTOP-N0H360L MINGW64 /d/Training & Learning/ProgrammingClasses (master)
$ git status -s

jarvi@DESKTOP-N0H360L MINGW64 /d/Training & Learning/ProgrammingClasses (master)
$ git status -S
error: unknown switch `S'
usage: git status [<options>] [--] <pathspec>...

    -v, --verbose         be verbose
    -s, --short           show status concisely
    -b, --branch          show branch information
    --show-stash          show stash information
    --ahead-behind        compute full ahead/behind values
    --porcelain[=<version>]
                          machine-readable output
    --long                show status in long format (default)
    -z, --null            terminate entries with NUL
    -u, --untracked-files[=<mode>]
                          show untracked files, optional modes: all, normal, no. (Default: all)
    --ignored[=<mode>]    show ignored files, optional modes: traditional, matching, no. (Default: traditional)
    --ignore-submodules[=<when>]
                          ignore changes to submodules, optional when: all, dirty, untracked. (Default: all)
    --column[=<style>]    list untracked files in columns
    --no-renames          do not detect renames
    -M, --find-renames[=<n>]
                          detect renames, optionally set similarity index


jarvi@DESKTOP-N0H360L MINGW64 /d/Training & Learning/ProgrammingClasses (master)
$ git log
commit 2b5db9c1e5d46c673f7e45b43141d3e908475af0 (HEAD -> master)
Author: SurajL <salandage@gmail.com>
Date:   Tue Oct 11 22:43:58 2022 +0530

    D16_2K221011

jarvi@DESKTOP-N0H360L MINGW64 /d/Training & Learning/ProgrammingClasses (master)
$ git branch -M master

jarvi@DESKTOP-N0H360L MINGW64 /d/Training & Learning/ProgrammingClasses (master)
$ git remote add origin https://github.com/surajlandage/ProgrammingClasses.git

jarvi@DESKTOP-N0H360L MINGW64 /d/Training & Learning/ProgrammingClasses (master)
$ git push -u origin master
Enumerating objects: 138, done.
Counting objects: 100% (138/138), done.
Delta compression using up to 4 threads
Compressing objects: 100% (133/133), done.
Writing objects: 100% (138/138), 797.89 KiB | 3.91 MiB/s, done.
Total 138 (delta 63), reused 0 (delta 0), pack-reused 0
remote: Resolving deltas: 100% (63/63), done.
To https://github.com/surajlandage/ProgrammingClasses.git
 * [new branch]      master -> master
branch 'master' set up to track 'origin/master'.

jarvi@DESKTOP-N0H360L MINGW64 /d/Training & Learning/ProgrammingClasses (master)
$ git status
On branch master
Your branch is up to date with 'origin/master'.

nothing to commit, working tree clean

jarvi@DESKTOP-N0H360L MINGW64 /d/Training & Learning/ProgrammingClasses (master)
$ git log
commit 2b5db9c1e5d46c673f7e45b43141d3e908475af0 (HEAD -> master, origin/master)
Author: SurajL <salandage@gmail.com>
Date:   Tue Oct 11 22:43:58 2022 +0530

    D16_2K221011

jarvi@DESKTOP-N0H360L MINGW64 /d/Training & Learning/ProgrammingClasses (master)
$ history > command_history.txt

jarvi@DESKTOP-N0H360L MINGW64 /d/Training & Learning/ProgrammingClasses (master)
$
